// Jest Snapshot v1, https://goo.gl/fbAQLP

exports[`<SettingsMenu /> Should render correctly 1`] = `
Object {
  "asFragment": [Function],
  "baseElement": <body>
    <div>
      <h1
        class="sc-gKclnd fOPFgh"
      >
        Settings
      </h1>
      <ul
        class="sc-iCfMLu bZjVHc"
      >
        <li
          class="sc-furwcr skDFI"
        >
          <a
            href="#/settings/macroDeck"
          >
            MacroDeck
          </a>
        </li>
        <li
          class="sc-furwcr skDFI"
        >
          <a
            href="#/settings/server"
          >
            Server
          </a>
        </li>
        <li
          class="sc-furwcr skDFI"
        >
          <a
            href="#/settings/obs"
          >
            OBS
          </a>
        </li>
        <li
          class="sc-furwcr skDFI"
        >
          <a
            href="#/settings/twitch"
          >
            Twitch
          </a>
        </li>
      </ul>
    </div>
  </body>,
  "container": <div>
    <h1
      class="sc-gKclnd fOPFgh"
    >
      Settings
    </h1>
    <ul
      class="sc-iCfMLu bZjVHc"
    >
      <li
        class="sc-furwcr skDFI"
      >
        <a
          href="#/settings/macroDeck"
        >
          MacroDeck
        </a>
      </li>
      <li
        class="sc-furwcr skDFI"
      >
        <a
          href="#/settings/server"
        >
          Server
        </a>
      </li>
      <li
        class="sc-furwcr skDFI"
      >
        <a
          href="#/settings/obs"
        >
          OBS
        </a>
      </li>
      <li
        class="sc-furwcr skDFI"
      >
        <a
          href="#/settings/twitch"
        >
          Twitch
        </a>
      </li>
    </ul>
  </div>,
  "debug": [Function],
  "findAllByAltText": [Function],
  "findAllByDisplayValue": [Function],
  "findAllByLabelText": [Function],
  "findAllByPlaceholderText": [Function],
  "findAllByRole": [Function],
  "findAllByTestId": [Function],
  "findAllByText": [Function],
  "findAllByTitle": [Function],
  "findByAltText": [Function],
  "findByDisplayValue": [Function],
  "findByLabelText": [Function],
  "findByPlaceholderText": [Function],
  "findByRole": [Function],
  "findByTestId": [Function],
  "findByText": [Function],
  "findByTitle": [Function],
  "getAllByAltText": [Function],
  "getAllByDisplayValue": [Function],
  "getAllByLabelText": [Function],
  "getAllByPlaceholderText": [Function],
  "getAllByRole": [Function],
  "getAllByTestId": [Function],
  "getAllByText": [Function],
  "getAllByTitle": [Function],
  "getByAltText": [Function],
  "getByDisplayValue": [Function],
  "getByLabelText": [Function],
  "getByPlaceholderText": [Function],
  "getByRole": [Function],
  "getByTestId": [Function],
  "getByText": [Function],
  "getByTitle": [Function],
  "queryAllByAltText": [Function],
  "queryAllByDisplayValue": [Function],
  "queryAllByLabelText": [Function],
  "queryAllByPlaceholderText": [Function],
  "queryAllByRole": [Function],
  "queryAllByTestId": [Function],
  "queryAllByText": [Function],
  "queryAllByTitle": [Function],
  "queryByAltText": [Function],
  "queryByDisplayValue": [Function],
  "queryByLabelText": [Function],
  "queryByPlaceholderText": [Function],
  "queryByRole": [Function],
  "queryByTestId": [Function],
  "queryByText": [Function],
  "queryByTitle": [Function],
  "rerender": [Function],
  "unmount": [Function],
}
`;
