// Jest Snapshot v1, https://goo.gl/fbAQLP

exports[`<SettingsMacroDeck /> Should render correctly 1`] = `
Object {
  "asFragment": [Function],
  "baseElement": <body>
    <div>
      <div
        class="sc-pVTFL cScoAe"
      >
        <fieldset
          class="sc-jrQzAO fFPygj"
        >
          <button
            data-testid="settings_macro_deck__export-button"
          >
            Export
          </button>
          <br />
          <br />
          <hr />
          <br />
          <br />
          <input
            accept=".json"
            data-testid="settings_macro_deck__import-input"
            id="importSettingsFile"
            type="file"
          />
          <button
            data-testid="settings_macro_deck__import-button"
          >
            Import
          </button>
        </fieldset>
      </div>
    </div>
  </body>,
  "container": <div>
    <div
      class="sc-pVTFL cScoAe"
    >
      <fieldset
        class="sc-jrQzAO fFPygj"
      >
        <button
          data-testid="settings_macro_deck__export-button"
        >
          Export
        </button>
        <br />
        <br />
        <hr />
        <br />
        <br />
        <input
          accept=".json"
          data-testid="settings_macro_deck__import-input"
          id="importSettingsFile"
          type="file"
        />
        <button
          data-testid="settings_macro_deck__import-button"
        >
          Import
        </button>
      </fieldset>
    </div>
  </div>,
  "debug": [Function],
  "findAllByAltText": [Function],
  "findAllByDisplayValue": [Function],
  "findAllByLabelText": [Function],
  "findAllByPlaceholderText": [Function],
  "findAllByRole": [Function],
  "findAllByTestId": [Function],
  "findAllByText": [Function],
  "findAllByTitle": [Function],
  "findByAltText": [Function],
  "findByDisplayValue": [Function],
  "findByLabelText": [Function],
  "findByPlaceholderText": [Function],
  "findByRole": [Function],
  "findByTestId": [Function],
  "findByText": [Function],
  "findByTitle": [Function],
  "getAllByAltText": [Function],
  "getAllByDisplayValue": [Function],
  "getAllByLabelText": [Function],
  "getAllByPlaceholderText": [Function],
  "getAllByRole": [Function],
  "getAllByTestId": [Function],
  "getAllByText": [Function],
  "getAllByTitle": [Function],
  "getByAltText": [Function],
  "getByDisplayValue": [Function],
  "getByLabelText": [Function],
  "getByPlaceholderText": [Function],
  "getByRole": [Function],
  "getByTestId": [Function],
  "getByText": [Function],
  "getByTitle": [Function],
  "queryAllByAltText": [Function],
  "queryAllByDisplayValue": [Function],
  "queryAllByLabelText": [Function],
  "queryAllByPlaceholderText": [Function],
  "queryAllByRole": [Function],
  "queryAllByTestId": [Function],
  "queryAllByText": [Function],
  "queryAllByTitle": [Function],
  "queryByAltText": [Function],
  "queryByDisplayValue": [Function],
  "queryByLabelText": [Function],
  "queryByPlaceholderText": [Function],
  "queryByRole": [Function],
  "queryByTestId": [Function],
  "queryByText": [Function],
  "queryByTitle": [Function],
  "rerender": [Function],
  "unmount": [Function],
}
`;
