// Jest Snapshot v1, https://goo.gl/fbAQLP

exports[`<SettingsTwitch /> Should render correctly 1`] = `
Object {
  "asFragment": [Function],
  "baseElement": <body>
    <div>
      <div
        class="sc-pVTFL cScoAe"
      >
        <fieldset
          class="sc-jrQzAO fFPygj"
        >
          <h2
            class="sc-kDTinF cHynfT"
          >
            Twitch Settings
          </h2>
          <div
            class="sc-iqseJM fbEUai"
          >
            <label
              for="settings_twitch__status"
            >
              Username:
            </label>
            <select
              data-testid="settings_twitch__status"
              name="status"
            >
              <option
                value="1"
              >
                Active
              </option>
              <option
                value="0"
              >
                In-Active
              </option>
            </select>
          </div>
          <div
            class="sc-iqseJM fbEUai"
          >
            <label
              for="settings_twitch__channels"
            >
              Username:
            </label>
            <input
              data-testid="settings_twitch__channels"
              name="channels"
              type="text"
              value="icon33"
            />
          </div>
          <div
            class="sc-iqseJM fbEUai"
          >
            <span />
            <span>
              <button
                class="sc-hKwDye sc-crHmcD PLLBx houtcn"
                data-testid="settings_twitch__submit"
              >
                Submit
              </button>
            </span>
          </div>
        </fieldset>
      </div>
    </div>
  </body>,
  "container": <div>
    <div
      class="sc-pVTFL cScoAe"
    >
      <fieldset
        class="sc-jrQzAO fFPygj"
      >
        <h2
          class="sc-kDTinF cHynfT"
        >
          Twitch Settings
        </h2>
        <div
          class="sc-iqseJM fbEUai"
        >
          <label
            for="settings_twitch__status"
          >
            Username:
          </label>
          <select
            data-testid="settings_twitch__status"
            name="status"
          >
            <option
              value="1"
            >
              Active
            </option>
            <option
              value="0"
            >
              In-Active
            </option>
          </select>
        </div>
        <div
          class="sc-iqseJM fbEUai"
        >
          <label
            for="settings_twitch__channels"
          >
            Username:
          </label>
          <input
            data-testid="settings_twitch__channels"
            name="channels"
            type="text"
            value="icon33"
          />
        </div>
        <div
          class="sc-iqseJM fbEUai"
        >
          <span />
          <span>
            <button
              class="sc-hKwDye sc-crHmcD PLLBx houtcn"
              data-testid="settings_twitch__submit"
            >
              Submit
            </button>
          </span>
        </div>
      </fieldset>
    </div>
  </div>,
  "debug": [Function],
  "findAllByAltText": [Function],
  "findAllByDisplayValue": [Function],
  "findAllByLabelText": [Function],
  "findAllByPlaceholderText": [Function],
  "findAllByRole": [Function],
  "findAllByTestId": [Function],
  "findAllByText": [Function],
  "findAllByTitle": [Function],
  "findByAltText": [Function],
  "findByDisplayValue": [Function],
  "findByLabelText": [Function],
  "findByPlaceholderText": [Function],
  "findByRole": [Function],
  "findByTestId": [Function],
  "findByText": [Function],
  "findByTitle": [Function],
  "getAllByAltText": [Function],
  "getAllByDisplayValue": [Function],
  "getAllByLabelText": [Function],
  "getAllByPlaceholderText": [Function],
  "getAllByRole": [Function],
  "getAllByTestId": [Function],
  "getAllByText": [Function],
  "getAllByTitle": [Function],
  "getByAltText": [Function],
  "getByDisplayValue": [Function],
  "getByLabelText": [Function],
  "getByPlaceholderText": [Function],
  "getByRole": [Function],
  "getByTestId": [Function],
  "getByText": [Function],
  "getByTitle": [Function],
  "queryAllByAltText": [Function],
  "queryAllByDisplayValue": [Function],
  "queryAllByLabelText": [Function],
  "queryAllByPlaceholderText": [Function],
  "queryAllByRole": [Function],
  "queryAllByTestId": [Function],
  "queryAllByText": [Function],
  "queryAllByTitle": [Function],
  "queryByAltText": [Function],
  "queryByDisplayValue": [Function],
  "queryByLabelText": [Function],
  "queryByPlaceholderText": [Function],
  "queryByRole": [Function],
  "queryByTestId": [Function],
  "queryByText": [Function],
  "queryByTitle": [Function],
  "rerender": [Function],
  "unmount": [Function],
}
`;
