// Jest Snapshot v1, https://goo.gl/fbAQLP

exports[`<PageSelect/> Should render without errors 1`] = `
Object {
  "asFragment": [Function],
  "baseElement": <body>
    <div>
      <div>
        
        <button
          class="sc-hKwDye sc-gKclnd PLLBx iQnRQN"
        >
          New Page
        </button>
        <select
          class="sc-dkPtRN sc-jRQBWg iRRDCl jxmNFY"
          data-testid="page_select__select"
        >
          <option
            value="5ed5ff96-38d4-4a68-a0b8-d8d7dbf7360f"
          >
            Page: 01
          </option>
          <option
            value="a14b3dd6-2468-4ec0-9c6c-acc52db3472a"
          >
            Page: 11
          </option>
          <option
            value="85e6c415-845b-4076-9aef-cac7e6b341ed"
          >
            Page: 21
          </option>
        </select>
      </div>
    </div>
  </body>,
  "container": <div>
    <div>
      
      <button
        class="sc-hKwDye sc-gKclnd PLLBx iQnRQN"
      >
        New Page
      </button>
      <select
        class="sc-dkPtRN sc-jRQBWg iRRDCl jxmNFY"
        data-testid="page_select__select"
      >
        <option
          value="5ed5ff96-38d4-4a68-a0b8-d8d7dbf7360f"
        >
          Page: 01
        </option>
        <option
          value="a14b3dd6-2468-4ec0-9c6c-acc52db3472a"
        >
          Page: 11
        </option>
        <option
          value="85e6c415-845b-4076-9aef-cac7e6b341ed"
        >
          Page: 21
        </option>
      </select>
    </div>
  </div>,
  "debug": [Function],
  "findAllByAltText": [Function],
  "findAllByDisplayValue": [Function],
  "findAllByLabelText": [Function],
  "findAllByPlaceholderText": [Function],
  "findAllByRole": [Function],
  "findAllByTestId": [Function],
  "findAllByText": [Function],
  "findAllByTitle": [Function],
  "findByAltText": [Function],
  "findByDisplayValue": [Function],
  "findByLabelText": [Function],
  "findByPlaceholderText": [Function],
  "findByRole": [Function],
  "findByTestId": [Function],
  "findByText": [Function],
  "findByTitle": [Function],
  "getAllByAltText": [Function],
  "getAllByDisplayValue": [Function],
  "getAllByLabelText": [Function],
  "getAllByPlaceholderText": [Function],
  "getAllByRole": [Function],
  "getAllByTestId": [Function],
  "getAllByText": [Function],
  "getAllByTitle": [Function],
  "getByAltText": [Function],
  "getByDisplayValue": [Function],
  "getByLabelText": [Function],
  "getByPlaceholderText": [Function],
  "getByRole": [Function],
  "getByTestId": [Function],
  "getByText": [Function],
  "getByTitle": [Function],
  "queryAllByAltText": [Function],
  "queryAllByDisplayValue": [Function],
  "queryAllByLabelText": [Function],
  "queryAllByPlaceholderText": [Function],
  "queryAllByRole": [Function],
  "queryAllByTestId": [Function],
  "queryAllByText": [Function],
  "queryAllByTitle": [Function],
  "queryByAltText": [Function],
  "queryByDisplayValue": [Function],
  "queryByLabelText": [Function],
  "queryByPlaceholderText": [Function],
  "queryByRole": [Function],
  "queryByTestId": [Function],
  "queryByText": [Function],
  "queryByTitle": [Function],
  "rerender": [Function],
  "unmount": [Function],
}
`;
