// Jest Snapshot v1, https://goo.gl/fbAQLP

exports[`<FormFieldNumbers/> Should render without errors 1`] = `
Object {
  "asFragment": [Function],
  "baseElement": <body>
    <div>
      <div>
        <label
          data-testid="form_field_numberField__label"
          for="seconds"
        >
          Seconds
          :
        </label>
        <select
          class="sc-dkPtRN iRRDCl"
          data-testid="form_field_numberField__input"
          name="seconds"
        >
          <option
            data-testid="form_field_numberField__options"
            value="0"
          >
            0
          </option>
          <option
            data-testid="form_field_numberField__options"
            value="500"
          >
            500
          </option>
          <option
            data-testid="form_field_numberField__options"
            value="1000"
          >
            1000
          </option>
          <option
            data-testid="form_field_numberField__options"
            value="1500"
          >
            1500
          </option>
          <option
            data-testid="form_field_numberField__options"
            value="2000"
          >
            2000
          </option>
          <option
            data-testid="form_field_numberField__options"
            value="2500"
          >
            2500
          </option>
          <option
            data-testid="form_field_numberField__options"
            value="3000"
          >
            3000
          </option>
          <option
            data-testid="form_field_numberField__options"
            value="3500"
          >
            3500
          </option>
          <option
            data-testid="form_field_numberField__options"
            value="4000"
          >
            4000
          </option>
          <option
            data-testid="form_field_numberField__options"
            value="4500"
          >
            4500
          </option>
          <option
            data-testid="form_field_numberField__options"
            value="5000"
          >
            5000
          </option>
          <option
            data-testid="form_field_numberField__options"
            value="5500"
          >
            5500
          </option>
          <option
            data-testid="form_field_numberField__options"
            value="6000"
          >
            6000
          </option>
          <option
            data-testid="form_field_numberField__options"
            value="6500"
          >
            6500
          </option>
          <option
            data-testid="form_field_numberField__options"
            value="7000"
          >
            7000
          </option>
          <option
            data-testid="form_field_numberField__options"
            value="7500"
          >
            7500
          </option>
          <option
            data-testid="form_field_numberField__options"
            value="8000"
          >
            8000
          </option>
          <option
            data-testid="form_field_numberField__options"
            value="8500"
          >
            8500
          </option>
          <option
            data-testid="form_field_numberField__options"
            value="9000"
          >
            9000
          </option>
          <option
            data-testid="form_field_numberField__options"
            value="9500"
          >
            9500
          </option>
          <option
            data-testid="form_field_numberField__options"
            value="10000"
          >
            10000
          </option>
        </select>
      </div>
    </div>
  </body>,
  "container": <div>
    <div>
      <label
        data-testid="form_field_numberField__label"
        for="seconds"
      >
        Seconds
        :
      </label>
      <select
        class="sc-dkPtRN iRRDCl"
        data-testid="form_field_numberField__input"
        name="seconds"
      >
        <option
          data-testid="form_field_numberField__options"
          value="0"
        >
          0
        </option>
        <option
          data-testid="form_field_numberField__options"
          value="500"
        >
          500
        </option>
        <option
          data-testid="form_field_numberField__options"
          value="1000"
        >
          1000
        </option>
        <option
          data-testid="form_field_numberField__options"
          value="1500"
        >
          1500
        </option>
        <option
          data-testid="form_field_numberField__options"
          value="2000"
        >
          2000
        </option>
        <option
          data-testid="form_field_numberField__options"
          value="2500"
        >
          2500
        </option>
        <option
          data-testid="form_field_numberField__options"
          value="3000"
        >
          3000
        </option>
        <option
          data-testid="form_field_numberField__options"
          value="3500"
        >
          3500
        </option>
        <option
          data-testid="form_field_numberField__options"
          value="4000"
        >
          4000
        </option>
        <option
          data-testid="form_field_numberField__options"
          value="4500"
        >
          4500
        </option>
        <option
          data-testid="form_field_numberField__options"
          value="5000"
        >
          5000
        </option>
        <option
          data-testid="form_field_numberField__options"
          value="5500"
        >
          5500
        </option>
        <option
          data-testid="form_field_numberField__options"
          value="6000"
        >
          6000
        </option>
        <option
          data-testid="form_field_numberField__options"
          value="6500"
        >
          6500
        </option>
        <option
          data-testid="form_field_numberField__options"
          value="7000"
        >
          7000
        </option>
        <option
          data-testid="form_field_numberField__options"
          value="7500"
        >
          7500
        </option>
        <option
          data-testid="form_field_numberField__options"
          value="8000"
        >
          8000
        </option>
        <option
          data-testid="form_field_numberField__options"
          value="8500"
        >
          8500
        </option>
        <option
          data-testid="form_field_numberField__options"
          value="9000"
        >
          9000
        </option>
        <option
          data-testid="form_field_numberField__options"
          value="9500"
        >
          9500
        </option>
        <option
          data-testid="form_field_numberField__options"
          value="10000"
        >
          10000
        </option>
      </select>
    </div>
  </div>,
  "debug": [Function],
  "findAllByAltText": [Function],
  "findAllByDisplayValue": [Function],
  "findAllByLabelText": [Function],
  "findAllByPlaceholderText": [Function],
  "findAllByRole": [Function],
  "findAllByTestId": [Function],
  "findAllByText": [Function],
  "findAllByTitle": [Function],
  "findByAltText": [Function],
  "findByDisplayValue": [Function],
  "findByLabelText": [Function],
  "findByPlaceholderText": [Function],
  "findByRole": [Function],
  "findByTestId": [Function],
  "findByText": [Function],
  "findByTitle": [Function],
  "getAllByAltText": [Function],
  "getAllByDisplayValue": [Function],
  "getAllByLabelText": [Function],
  "getAllByPlaceholderText": [Function],
  "getAllByRole": [Function],
  "getAllByTestId": [Function],
  "getAllByText": [Function],
  "getAllByTitle": [Function],
  "getByAltText": [Function],
  "getByDisplayValue": [Function],
  "getByLabelText": [Function],
  "getByPlaceholderText": [Function],
  "getByRole": [Function],
  "getByTestId": [Function],
  "getByText": [Function],
  "getByTitle": [Function],
  "queryAllByAltText": [Function],
  "queryAllByDisplayValue": [Function],
  "queryAllByLabelText": [Function],
  "queryAllByPlaceholderText": [Function],
  "queryAllByRole": [Function],
  "queryAllByTestId": [Function],
  "queryAllByText": [Function],
  "queryAllByTitle": [Function],
  "queryByAltText": [Function],
  "queryByDisplayValue": [Function],
  "queryByLabelText": [Function],
  "queryByPlaceholderText": [Function],
  "queryByRole": [Function],
  "queryByTestId": [Function],
  "queryByText": [Function],
  "queryByTitle": [Function],
  "rerender": [Function],
  "unmount": [Function],
}
`;
